TOOL:	xrun(64)	24.09-s005: Started on Nov 03, 2025 at 20:46:52 CET
xrun
	-F ../tb/tb.f
		../../common/simple_uart_switch.svp
		simple_uart_switch_tb_pkg.svh
		simple_uart_switch_bfm.sv
		tpgen.sv
		coverage.sv
		scoreboard.sv
		top.sv
	-v93
	+nowarnDSEM2009
	+nowarnDSEMEL
	+nowarnCGDEFN
	+nowarnCOVUTA
	+nowarnBADPRF
	+nowarnXCLGNOPTM
	+nowarnRNDXCELON
	+nowarnSAWSTP
	-xmlibdirname INCA_libs_gui
	+access+r
	+gui
	+overwrite
	-nocopyright
	-coverage all
	-covoverwrite
	-covfile xrun_covfile.txt
	+UVM_TESTNAME=lab03example
	-l xrun_gui.log
Compiling UVM packages (uvm_pkg.sv cdns_uvm_pkg.sv) using uvmhome location /eda/cadence/2024-25/RHELx86/XCELIUM_24.09.005/tools/methodology/UVM/CDNS-1.1d
		Caching library 'worklib' ....... Done
	Elaborating the design hierarchy:
xmelab: *W,COVSOR: xrun_covfile.txt:5: The command 'set_expr_scoring -struct' is redundant. The behavior corresponding to this option is the default mode.
	Top level design units:
		simple_uart_switch_tb_pkg
		top

	Extracting FSMs for coverage:
		worklib.tpgen
		worklib.scoreboard
		worklib.top
	Total FSMs extracted = 0
	Building instance overlay tables: .............
xmelab: *W,COVEOS: Currently, by default, coverage is scored for expressions containing struct datatypes. For backward compatibility, use " set_backward_compat -no_struct " coverage configuration file command..
....... Done
	Enabling instrumentation for coverage types: block expression FSM toggle functional
	Building instance specific data structures.
	Performing constant object marking (COM) analysis.
	Loading native compiled code:     .................... Done
	Design hierarchy summary:
		               Instances  Unique
		Modules:               4       4
		Interfaces:            1       1
		Verilog packages:      1       1
		Registers:           159     159
		Scalar wires:         10       -
		Always blocks:         3       3
		Initial blocks:       19      19
		Final blocks:          1       1
		Parallel blocks:       1       1
		Cont. assignments:     1       2
		Pseudo assignments:    6       -
	Writing initial simulation snapshot: worklib.top:sv
xmsim: *W,NOMTDGUI: Multi-Threaded Dumping is disabled for interactive debug mode.

-------------------------------------
Relinquished control to SimVision...
xcelium> 
xcelium> source /eda/cadence/2024-25/RHELx86/XCELIUM_24.09.005/tools/xcelium/files/xmsimrc
xcelium> source /eda/cadence/2024-25/RHELx86/XCELIUM_24.09.005/tools/methodology/UVM/CDNS-1.1d/additions/sv/files/tcl/uvm_sim.tcl
xcelium> database -open waves -into waves.shm -default
Created default SHM database waves
xcelium> probe -create -shm top.bfm.sin top.bfm.sout0 top.bfm.sout1 top.bfm.exp_sout0_frames top.bfm.exp_sout1_frames top.bfm.test
Created probe 1
xcelium> run
TEST_PROPER_FRAME: 13 passed, 4 errors.

UNEXPECTED FRAMES APPERAED 

[1;30m[101m-----------------------------------
----------- Test FAILED -----------
-----------------------------------[0m

TEST_WRONG_START_BIT: 14 passed, 5 errors.

UNEXPECTED FRAMES APPERAED (This error is expected. If appear, everything works OK ) 

[1;30m[101m-----------------------------------
----------- Test FAILED -----------
-----------------------------------[0m

TEST_WRONG_PARITY_BIT: 5 passed, 8 errors.

UNEXPECTED FRAMES APPERAED 

[1;30m[101m-----------------------------------
----------- Test FAILED -----------
-----------------------------------[0m

TEST_WRONG_STOP_BIT: 4 passed, 5 errors.

UNEXPECTED FRAMES APPERAED 

[1;30m[101m-----------------------------------
----------- Test FAILED -----------
-----------------------------------[0m

TEST_WRONG_START_PARITY_STOP_BIT: 4 passed, 2 errors.

UNEXPECTED FRAMES APPERAED (This error is expected. If appear, everything works OK ) 

[1;30m[101m-----------------------------------
----------- Test FAILED -----------
-----------------------------------[0m

TEST_RESET: 5 passed, 6 errors.

UNEXPECTED FRAMES APPERAED 

[1;30m[101m-----------------------------------
----------- Test FAILED -----------
-----------------------------------[0m

Simulation complete via $finish(1) at time 373126260 NS + 0
../tb/tpgen.sv:640         $finish;
xcelium> probe -create -shm top.bfm.clk top.bfm.rst_n top.bfm.prog
Created probe 2
xcelium> reset
xmsim: *W,C58RST: Reset command executed. Coverage is enabled for the subsequent simulation run.  The coverage test name needs to be changed to prevent data overwrite, and any coverage control commands previously used must be reissued.
Loaded snapshot worklib.top:sv
xcelium> run
TEST_PROPER_FRAME: 13 passed, 4 errors.

UNEXPECTED FRAMES APPERAED 

[1;30m[101m-----------------------------------
----------- Test FAILED -----------
-----------------------------------[0m

TEST_WRONG_START_BIT: 14 passed, 5 errors.

UNEXPECTED FRAMES APPERAED (This error is expected. If appear, everything works OK ) 

[1;30m[101m-----------------------------------
----------- Test FAILED -----------
-----------------------------------[0m

TEST_WRONG_PARITY_BIT: 5 passed, 8 errors.

UNEXPECTED FRAMES APPERAED 

[1;30m[101m-----------------------------------
----------- Test FAILED -----------
-----------------------------------[0m

TEST_WRONG_STOP_BIT: 4 passed, 5 errors.

UNEXPECTED FRAMES APPERAED 

[1;30m[101m-----------------------------------
----------- Test FAILED -----------
-----------------------------------[0m

TEST_WRONG_START_PARITY_STOP_BIT: 4 passed, 2 errors.

UNEXPECTED FRAMES APPERAED (This error is expected. If appear, everything works OK ) 

[1;30m[101m-----------------------------------
----------- Test FAILED -----------
-----------------------------------[0m

TEST_RESET: 5 passed, 6 errors.

UNEXPECTED FRAMES APPERAED 

[1;30m[101m-----------------------------------
----------- Test FAILED -----------
-----------------------------------[0m

Simulation complete via $finish(1) at time 373126260 NS + 0
../tb/tpgen.sv:640         $finish;
xcelium> ^C
xcelium> exit
...Regained control from SimVision
-------------------------------------
See ./cov_work/scope/test/icc.com file for message(s) on coverage constant object marking

coverage setup:
  workdir  :  ./cov_work
  dutinst  :  top(top)
  scope    :  scope
  testname :  test

coverage files:
  model(design data) :  ./cov_work/scope/icc_39cb18af_00000000.ucm
  data               :  ./cov_work/scope/test/icc_39cb18af_00000000.ucd
TOOL:	xrun(64)	24.09-s005: Exiting on Nov 03, 2025 at 20:54:32 CET  (total: 00:07:40)
