TOOL:	xrun(64)	24.09-s005: Started on Nov 07, 2025 at 13:29:37 CET
xrun
	-compile
	-l xrun_compile.log
	-F ../tb/tb.f
		../../common/simple_uart_switch.svp
		simple_uart_switch_tb_pkg.svh
		simple_uart_switch_bfm.sv
		tpgen.sv
		coverage.sv
		scoreboard.sv
		top.sv
	-v93
	+nowarnDSEM2009
	+nowarnDSEMEL
	+nowarnCGDEFN
	+nowarnCOVUTA
	+nowarnBADPRF
	+nowarnXCLGNOPTM
	+nowarnRNDXCELON
	+nowarnSAWSTP
	-xmlibdirname INCA_libs
	+overwrite
	-nocopyright
	-coverage all
	-covoverwrite
	-covfile xrun_covfile.txt
file: ../tb/../../common/simple_uart_switch.svp
	module worklib.simple_switch_uart:svp
		errors: 0, warnings: 0
file: ../tb/simple_uart_switch_tb_pkg.svh
	package worklib.simple_uart_switch_tb_pkg:svh
		errors: 0, warnings: 0
file: ../tb/simple_uart_switch_bfm.sv
	interface worklib.simple_uart_switch_bfm:sv
		errors: 0, warnings: 0
file: ../tb/tpgen.sv
	module worklib.tpgen:sv
		errors: 0, warnings: 0
file: ../tb/coverage.sv
	module worklib.coverage:sv
		errors: 0, warnings: 0
file: ../tb/scoreboard.sv
	module worklib.scoreboard:sv
		errors: 0, warnings: 0
file: ../tb/top.sv
	module worklib.top:sv
		errors: 0, warnings: 0
TOOL:	xrun(64)	24.09-s005: Exiting on Nov 07, 2025 at 13:29:38 CET  (total: 00:00:01)
