TOOL:	xrun(64)	24.09-s005: Started on Nov 03, 2025 at 21:21:29 CET
xrun
	-elaborate
	-l xrun_elaborate.log
	-F ../tb/tb.f
		../../common/simple_uart_switch.svp
		simple_uart_switch_tb_pkg.svh
		simple_uart_switch_bfm.sv
		tpgen.sv
		coverage.sv
		scoreboard.sv
		top.sv
	-v93
	+nowarnDSEM2009
	+nowarnDSEMEL
	+nowarnCGDEFN
	+nowarnCOVUTA
	+nowarnBADPRF
	+nowarnXCLGNOPTM
	+nowarnRNDXCELON
	+nowarnSAWSTP
	-xmlibdirname INCA_libs
	+overwrite
	-nocopyright
	-coverage all
	-covoverwrite
	-covfile xrun_covfile.txt
		Caching library 'worklib' ....... Done
	Elaborating the design hierarchy:
xmelab: *W,COVSOR: xrun_covfile.txt:5: The command 'set_expr_scoring -struct' is redundant. The behavior corresponding to this option is the default mode.
	Top level design units:
		simple_uart_switch_tb_pkg
		top

	Extracting FSMs for coverage:
		worklib.tpgen
		worklib.scoreboard
		worklib.top
	Total FSMs extracted = 0
	Building instance overlay tables: .............
xmelab: *W,COVEOS: Currently, by default, coverage is scored for expressions containing struct datatypes. For backward compatibility, use " set_backward_compat -no_struct " coverage configuration file command..
....... Done
	Enabling instrumentation for coverage types: block expression FSM toggle functional
	Generating native compiled code:
		worklib.simple_switch_uart:svp <0x6d6c10c4>
			streams:  13, words: 15555
		worklib.scoreboard:sv <0x47c6a680>
			streams:  23, words: 36881
		worklib.tpgen:sv <0x28cdb9ff>
			streams:  12, words: 107635
		worklib.top:sv <0x2f2d4605>
			streams:   6, words:  1467
		worklib.simple_uart_switch_bfm:sv <0x258afddc>
			streams:   3, words:  5312
		worklib.simple_uart_switch_tb_pkg:svh <0x4c84ab33>
			streams:   4, words:   385
	Building instance specific data structures.
	Performing constant object marking (COM) analysis.
	Loading native compiled code:     .................... Done
	Design hierarchy summary:
		               Instances  Unique
		Modules:               4       4
		Interfaces:            1       1
		Verilog packages:      1       1
		Registers:           158     159
		Scalar wires:         10       -
		Always blocks:         3       3
		Initial blocks:       19      19
		Final blocks:          1       1
		Parallel blocks:       1       1
		Cont. assignments:     1       2
		Pseudo assignments:    6       -
	Writing initial simulation snapshot: worklib.top:sv
TOOL:	xrun(64)	24.09-s005: Exiting on Nov 03, 2025 at 21:21:30 CET  (total: 00:00:01)
