TOOL:	xrun(64)	24.09-s005: Started on Nov 12, 2025 at 11:04:25 CET
xrun
	-elaborate
	-l xrun_elaborate.log
	-F ../tb/tb.f
		-F ../tb/../../common/tinyalu/tinyalu.f
			tinyalu_pkg.sv
			single_cycle.sv
			three_cycle.sv
			tinyalu.sv
		tinyalu_tb_pkg.svh
		tinyalu_bfm.sv
		top.sv
		+incdir+tb_classes
		+incdir+.
		+nowarn+DSEMEL
		-timescale 1ns/1ps
	-v93
	+nowarnDSEM2009
	+nowarnDSEMEL
	+nowarnCGDEFN
	+nowarnCOVUTA
	+nowarnBADPRF
	+nowarnXCLGNOPTM
	+nowarnRNDXCELON
	+nowarnSAWSTP
	-xmlibdirname INCA_libs
	+overwrite
	-nocopyright
	-coverage all
	-covoverwrite
	-covfile xrun_covfile.txt
		Caching library 'worklib' ....... Done
	Elaborating the design hierarchy:
	Top level design units:
		tinyalu_tb_pkg
		tinyalu_pkg
		top

	Extracting FSMs for coverage:
		worklib.single_cycle
		worklib.three_cycle
		worklib.tinyalu
		worklib.top
	Total FSMs extracted = 0
	Building instance overlay tables: .................... Done
	Enabling instrumentation for coverage types: block expression FSM toggle functional
	Generating native compiled code:
		worklib.three_cycle:sv <0x0ad25d69>
			streams:   3, words:  4493
		worklib.single_cycle:sv <0x42be2e99>
			streams:   3, words:  3182
		worklib.tinyalu:sv <0x7f730899>
			streams:   7, words:  4797
		worklib.top:sv <0x24147e6e>
			streams:   6, words:  1596
		worklib.tinyalu_pkg:sv <0x419930b1>
			streams:   1, words:   321
		worklib.tinyalu_bfm:sv <0x144f0cc4>
			streams:  52, words: 57852
	Building instance specific data structures.
	Performing constant object marking (COM) analysis.
	Loading native compiled code:     .................... Done
	Design hierarchy summary:
		                     Instances  Unique
		Modules:                     4       4
		Interfaces:                  1       1
		Verilog packages:            2       2
		Registers:                  62      74
		Scalar wires:               11       -
		Vectored wires:              9       -
		Always blocks:               3       3
		Initial blocks:              2       2
		Parallel blocks:             2       2
		Cont. assignments:           7       8
		Pseudo assignments:          6       -
		Assertions:                  1       1
		Covergroup Instances:        0       2
		SV Class declarations:       4       4
		SV Class specializations:    4       4
		Process Clocks:              2       1
		Simulation timescale:      1ps
	Writing initial simulation snapshot: worklib.top:sv
TOOL:	xrun(64)	24.09-s005: Exiting on Nov 12, 2025 at 11:04:26 CET  (total: 00:00:01)
