TOOL:	xrun(64)	24.09-s005: Started on Nov 12, 2025 at 11:04:25 CET
xrun
	-compile
	-l xrun_compile.log
	-F ../tb/tb.f
		-F ../tb/../../common/tinyalu/tinyalu.f
			tinyalu_pkg.sv
			single_cycle.sv
			three_cycle.sv
			tinyalu.sv
		tinyalu_tb_pkg.svh
		tinyalu_bfm.sv
		top.sv
		+incdir+tb_classes
		+incdir+.
		+nowarn+DSEMEL
		-timescale 1ns/1ps
	-v93
	+nowarnDSEM2009
	+nowarnDSEMEL
	+nowarnCGDEFN
	+nowarnCOVUTA
	+nowarnBADPRF
	+nowarnXCLGNOPTM
	+nowarnRNDXCELON
	+nowarnSAWSTP
	-xmlibdirname INCA_libs
	+overwrite
	-nocopyright
	-coverage all
	-covoverwrite
	-covfile xrun_covfile.txt
xrun: *W,TIMESCALE: The -timescale option specified with -compile is unused.
file: ../tb/../../common/tinyalu/tinyalu_pkg.sv
	package worklib.tinyalu_pkg:sv
		errors: 0, warnings: 0
file: ../tb/../../common/tinyalu/single_cycle.sv
	module worklib.single_cycle:sv
		errors: 0, warnings: 0
file: ../tb/../../common/tinyalu/three_cycle.sv
	module worklib.three_cycle:sv
		errors: 0, warnings: 0
file: ../tb/../../common/tinyalu/tinyalu.sv
	module worklib.tinyalu:sv
		errors: 0, warnings: 0
file: ../tb/tinyalu_tb_pkg.svh
	package worklib.tinyalu_tb_pkg:svh
		errors: 0, warnings: 0
file: ../tb/tinyalu_bfm.sv
	interface worklib.tinyalu_bfm:sv
		errors: 0, warnings: 0
file: ../tb/top.sv
	module worklib.top:sv
		errors: 0, warnings: 0
TOOL:	xrun(64)	24.09-s005: Exiting on Nov 12, 2025 at 11:04:25 CET  (total: 00:00:00)
