*** List of included argument files ***
    Build configuration file:  /home/student/akurnik/VDIC/.dvt/lab4part1_config.build
    -F /home/student/akurnik/VDIC/lab04part1/tb/tb.f
*** List of invocations ***
Invocation #1 +dvt_init+dvt in /home/student/akurnik/VDIC/.dvt/lab4part1_config.build at line 3
*** Done analyzing build configuration [52 ms] ***
*** Start SystemVerilog build ***
*** Invocation #1***
Loading (1) /home/student/akurnik/VDIC/lab04part1/tb/shape_pkg.svh ...
Loading (2) /home/student/akurnik/VDIC/lab04part1/tb/shape_classes.svh ...
Done /home/student/akurnik/VDIC/lab04part1/tb/shape_classes.svh [207 ms, 182 lines, SystemVerilog_2012] ...
Done /home/student/akurnik/VDIC/lab04part1/tb/shape_pkg.svh [1 ms, 6 lines, SystemVerilog_2012] ...
Loading (3) /home/student/akurnik/VDIC/lab04part1/tb/top.sv ...
Done /home/student/akurnik/VDIC/lab04part1/tb/top.sv [14 ms, 88 lines, SystemVerilog_2012] ...
*** Done invocation #1 [72 ms] ***
*** Total number of lines [276] ***
Performing post full build actions ...
Performing post full build step 1 (SRI) [1 ms] ...
Performing post full build step 2 (RI) [1 ms] ...
Performing post full build step 3 (RCP) [19 ms] ...
*** Done SystemVerilog build [267 ms] ***
*** Start mixed mode extension build ***
Performing mixed post full build step (VLOG - RI) [0 ms] ...
*** Top designs: work.top
Performing mixed post full build step (MIXED - ELAB) [265 ms] ...
Performing mixed post full build step (MIXED - UNEL) [52 ms] ...
*** Warning: UNUSED_RETURN_VALUE: The return value of function '$fgets' is not used
    at line 25 in /home/student/akurnik/VDIC/lab04part1/tb/top.sv [compile index 3]
*** Warning: UNUSED_RETURN_VALUE: The return value of function '$sscanf' is not used
    at line 31 in /home/student/akurnik/VDIC/lab04part1/tb/top.sv [compile index 3]
Performing mixed post full build step (VLOG - RD) [5 ms] ...
Performing mixed post full build step (VLOG - FSC) [51 ms] ...
Performing mixed post full build step (VLOG - EV) [51 ms] ...
Performing mixed post full build step (VLOG - ELPC) [53 ms] ...
Performing mixed post full build step (VLOG - US) [50 ms] ...
*** Done mixed mode extension build [534 ms] ***
*** Total build time [892 ms] ***
