TOOL:	xrun(64)	24.09-s005: Started on Nov 02, 2025 at 18:28:55 CET
xrun
	-elaborate
	-l xrun_elaborate.log
	-F ../tb/tb.f
		-F ../tb/../../common/tinyalu/tinyalu.f
			tinyalu_pkg.sv
			single_cycle.sv
			three_cycle.sv
			tinyalu.sv
		tinyalu_tb_pkg.svh
		tinyalu_bfm.sv
		tpgen.sv
		coverage.sv
		scoreboard.sv
		top.sv
	-v93
	+nowarnDSEM2009
	+nowarnDSEMEL
	+nowarnCGDEFN
	+nowarnCOVUTA
	+nowarnBADPRF
	+nowarnXCLGNOPTM
	+nowarnRNDXCELON
	+nowarnSAWSTP
	-xmlibdirname INCA_libs
	+overwrite
	-nocopyright
	-coverage all
	-covoverwrite
	-covfile xrun_covfile.txt
		Caching library 'worklib' ....... Done
	Elaborating the design hierarchy:
xmelab: *W,COVSOR: xrun_covfile.txt:5: The command 'set_expr_scoring -struct' is redundant. The behavior corresponding to this option is the default mode.
	Top level design units:
		tinyalu_tb_pkg
		tinyalu_pkg
		top

	Extracting FSMs for coverage:
		worklib.tpgen
		worklib.coverage
		worklib.scoreboard
		worklib.single_cycle
		worklib.three_cycle
		worklib.tinyalu
		worklib.top
	Total FSMs extracted = 0
	Building instance overlay tables: .................... Done
	Enabling instrumentation for coverage types: block expression FSM toggle functional
	Generating native compiled code:
		worklib.three_cycle:sv <0x169d123e>
			streams:   3, words:  4493
		worklib.single_cycle:sv <0x537e7cc9>
			streams:   3, words:  3182
		worklib.tinyalu:sv <0x7bab8349>
			streams:   7, words:  4797
		worklib.scoreboard:sv <0x29ada653>
			streams:   7, words: 15580
		worklib.coverage:sv <0x422969a8>
			streams:   5, words:  6770
		worklib.tpgen:sv <0x0a7ffb6e>
			streams:   3, words:  6372
		worklib.top:sv <0x49d99226>
			streams:   5, words:   601
		worklib.tinyalu_bfm:sv <0x0907a853>
			streams:   4, words:  7533
		worklib.tinyalu_pkg:sv <0x0aa13973>
			streams:   1, words:   321
	Building instance specific data structures.
	Performing constant object marking (COM) analysis.
	Loading native compiled code:     .................... Done
	Design hierarchy summary:
		                Instances  Unique
		Modules:                7       7
		Interfaces:             1       1
		Verilog packages:       2       2
		Registers:             46      46
		Scalar wires:          11       -
		Vectored wires:         9       -
		Always blocks:          5       5
		Initial blocks:         4       4
		Final blocks:           1       1
		Cont. assignments:      7       8
		Pseudo assignments:     6       -
		Assertions:             1       1
		Covergroup Instances:   0       2
		Process Clocks:         2       1
	Writing initial simulation snapshot: worklib.top:sv
TOOL:	xrun(64)	24.09-s005: Exiting on Nov 02, 2025 at 18:28:55 CET  (total: 00:00:00)
