TOOL:	xrun(64)	24.09-s005: Started on Nov 29, 2025 at 19:52:45 CET
xrun
	-elaborate
	-l xrun_elaborate.log
	-F ../tb/tb.f
		simple_uart_switch_tb_pkg.sv
		simple_uart_switch_bfm.sv
		../../common/simple_uart_switch.svp
		top.sv
		-timescale 1ns/1ps
		+incdir+tb_classes
		+incdir+.
		+nowarn+DSEMEL
		+nowarnBADPRF
		-uvm
		-uvmhome /eda/cadence/2024-25/RHELx86/XCELIUM_24.09.005/tools/methodology/UVM/CDNS-1.2/sv
		+UVM_NO_RELNOTES
		+UVM_VERBOSITY=MEDIUM
		-linedebug
		-fsmdebug
		-uvmlinedebug
	-v93
	+nowarnDSEM2009
	+nowarnDSEMEL
	+nowarnCGDEFN
	+nowarnCOVUTA
	+nowarnBADPRF
	+nowarnXCLGNOPTM
	+nowarnRNDXCELON
	+nowarnCOVEOS
	+nowarnSAWSTP
	-xmlibdirname INCA_libs
	+overwrite
	-nocopyright
	-coverage all
	-covoverwrite
	-covfile xrun_covfile.txt

   User defined plus("+") options:
	+UVM_NO_RELNOTES
	+UVM_VERBOSITY=MEDIUM

		Caching library 'worklib' ....... Done
	Elaborating the design hierarchy:
	Top level design units:
		uvm_pkg
		cdns_uvmapi
		cdns_assert2uvm_pkg
		cdns_uvm_pkg
		simple_uart_switch_tb_pkg
		top
    obj = new(name, parent);
      |
xmelab: *W,CNIABE (/eda/cadence/2024-25/RHELx86/XCELIUM_24.09.005/tools/methodology/UVM/CDNS-1.2/sv/src/base/uvm_registry.svh,66|6): Abstract (virtual) class 'tpgen' cannot be instantiated, detected while elaborating:
	'class uvm_pkg::uvm_component_registry#(.T(class simple_uart_switch_tb_pkg::tpgen),.Tname("tpgen"))' from '../tb/tb_classes/tpgen.svh' line 17.
This is a warning for backward compatibility; it will be upgraded to an error in future releases.

	Extracting FSMs for coverage:
		worklib.top
	Total FSMs extracted = 0
	Building instance overlay tables: .................... Done
	Enabling instrumentation for coverage types: block expression FSM toggle functional
	Generating native compiled code:
		worklib.simple_switch_uart:svp <0x41970f1b>
			streams:  33, words: 32354
		worklib.simple_uart_switch_bfm:sv <0x354fd6b6>
			streams: 656, words: 1170856
		worklib.cdns_uvm_pkg:sv <0x4d108382>
			streams: 251, words: 571997
		worklib.cdns_uvmapi:svp <0x4f29cba7>
			streams:  27, words: 46845
		worklib.cdns_assert2uvm_pkg:sv <0x306d9f21>
			streams:   3, words:  3354
		worklib.uvm_pkg:sv <0x341a62ba>
			streams: 6288, words: 15612344
	Building instance specific data structures.
	Performing constant object marking (COM) analysis.
	Loading native compiled code:     .................... Done
	Design hierarchy summary:
		                        Instances  Unique
		Modules:                        2       2
		Interfaces:                     1       1
		Verilog packages:               5       5
		Registers:                 16,539  11,824
		Scalar wires:                  10       -
		Named events:                   4      12
		Always blocks:                  3       3
		Initial blocks:               337     173
		Parallel blocks:               28      29
		Cont. assignments:              2       2
		Pseudo assignments:             6       -
		Assertions:                     7       7
		Covergroup Instances:           0       2
		SV Class declarations:        239     351
		SV Class specializations:     444     444
		Simulation timescale:         1ps
	Writing initial simulation snapshot: worklib.top:sv
TOOL:	xrun(64)	24.09-s005: Exiting on Nov 29, 2025 at 19:52:51 CET  (total: 00:00:06)
