Operating system: Linux
                  0.0.0 Linux 3.10.0-1160.119.1.el7.x86_64 #1 SMP Tue Jun 4 14:43:51 UTC 2024 x86_64
CPU: amd64
     family 6 model 60 stepping 3
     1 CPU

GPU: UNKNOWN

Crash reason:  DUMP_REQUESTED
Crash address: 0x7fe7c3ded406
Process uptime: not available

Thread 0 (crashed)
 0  libcbreakpad.so + 0x36406
    rax = 0x00007fe7c3c5309f   rdx = 0x0000000000000000
    rcx = 0x00007fe7c3debcb2   rbx = 0x00007fff9627a440
    rsi = 0x0000000000000001   rdi = 0x00007fff96279dc8
    rbp = 0x00007fff9627a380   rsp = 0x00007fff96279d30
     r8 = 0x0000000000000000    r9 = 0x0000000000000000
    r10 = 0x00007fe7c3dc2ff0   r11 = 0x00007fe7c3dc2ac8
    r12 = 0x0000000000000000   r13 = 0x00007fff9627b648
    r14 = 0x00007fff9627a3c0   r15 = 0x0000000000000000
    rip = 0x00007fe7c3ded406
    Found by: given as instruction pointer in context
 1  libcbreakpad.so + 0x34672
    rbp = 0x00007fff9627a4d0   rsp = 0x00007fff9627a390
    rip = 0x00007fe7c3deb672
    Found by: previous frame's frame pointer
 2  xrun + 0x5a40b8
    rbp = 0x00007fff9627b630   rsp = 0x00007fff9627a4e0
    rip = 0x00000000009a40b8
    Found by: previous frame's frame pointer
 3  xrun + 0x5804f7
    rbp = 0x00007fff9627b630   rsp = 0x00007fff9627a510
    rip = 0x00000000009804f7
    Found by: stack scanning
 4  xrun + 0x57f64d
    rbp = 0x00007fff9627b630   rsp = 0x00007fff9627a540
    rip = 0x000000000097f64d
    Found by: stack scanning
 5  xrun + 0x583367
    rbp = 0x00007fff9627b630   rsp = 0x00007fff9627a5a0
    rip = 0x0000000000983367
    Found by: stack scanning
 6  xrun + 0x74c90d
    rbp = 0x00007fff9627b630   rsp = 0x00007fff9627a5b0
    rip = 0x0000000000b4c90d
    Found by: stack scanning
 7  xrun + 0x74d212
    rbp = 0x00007fff9627b630   rsp = 0x00007fff9627a5c0
    rip = 0x0000000000b4d212
    Found by: stack scanning
 8  xrun + 0x5804f7
    rbp = 0x00007fff9627b630   rsp = 0x00007fff9627a600
    rip = 0x00000000009804f7
    Found by: stack scanning
 9  xrun + 0x57f64d
    rbp = 0x00007fff9627b630   rsp = 0x00007fff9627a630
    rip = 0x000000000097f64d
    Found by: stack scanning
10  xrun + 0x583367
    rbp = 0x00007fff9627b630   rsp = 0x00007fff9627a6b0
    rip = 0x0000000000983367
    Found by: stack scanning
11  xrun + 0x58c7d1
    rbp = 0x00007fff9627b630   rsp = 0x00007fff9627a6f0
    rip = 0x000000000098c7d1
    Found by: stack scanning
12  xrun + 0x583367
    rbp = 0x00007fff9627b630   rsp = 0x00007fff9627a7d0
    rip = 0x0000000000983367
    Found by: stack scanning
13  xrun + 0x58c7d1
    rbp = 0x00007fff9627b630   rsp = 0x00007fff9627a810
    rip = 0x000000000098c7d1
    Found by: stack scanning
14  ld-2.17.so + 0x9684
    rbp = 0x00007fff9627b630   rsp = 0x00007fff9627a8f0
    rip = 0x00007fe7c3c52684
    Found by: stack scanning
15  libstdc++.so.6.0.28 + 0x8e50
    rbp = 0x00007fff9627b630   rsp = 0x00007fff9627a900
    rip = 0x00007fe7c3606e50
    Found by: stack scanning
16  ld-2.17.so + 0x9dbb
    rbp = 0x00007fff9627b630   rsp = 0x00007fff9627a920
    rip = 0x00007fe7c3c52dbb
    Found by: stack scanning
17  libstdc++.so.6.0.28 + 0x7754
    rbp = 0x00007fff9627b630   rsp = 0x00007fff9627a938
    rip = 0x00007fe7c37df754
    Found by: stack scanning
18  libstdc++.so.6.0.28 + 0x248b8
    rbp = 0x00007fff9627b630   rsp = 0x00007fff9627a940
    rip = 0x00007fe7c36228b8
    Found by: stack scanning
19  ld-2.17.so + 0x9684
    rbp = 0x00007fff9627b630   rsp = 0x00007fff9627a970
    rip = 0x00007fe7c3c52684
    Found by: stack scanning
20  libc-2.17.so + 0x3d88
    rbp = 0x00007fff9627b630   rsp = 0x00007fff9627a980
    rip = 0x00007fe7c2f31d88
    Found by: stack scanning
21  ld-2.17.so + 0x9dbb
    rbp = 0x00007fff9627b630   rsp = 0x00007fff9627a9a0
    rip = 0x00007fe7c3c52dbb
    Found by: stack scanning
22  libc-2.17.so + 0x3d50
    rbp = 0x00007fff9627b630   rsp = 0x00007fff9627a9b8
    rip = 0x00007fe7c2f31d50
    Found by: stack scanning
23  libc-2.17.so + 0x10e98
    rbp = 0x00007fff9627b630   rsp = 0x00007fff9627a9c0
    rip = 0x00007fe7c2f3ee98
    Found by: stack scanning
24  ld-2.17.so + 0xa09f
    rbp = 0x00007fff9627b630   rsp = 0x00007fff9627a9e0
    rip = 0x00007fe7c3c5309f
    Found by: stack scanning
25  libstdc++.so.6.0.28 + 0xa603
    rbp = 0x00007fff9627b630   rsp = 0x00007fff9627aa00
    rip = 0x00007fe7c37e2603
    Found by: stack scanning
26  libc-2.17.so + 0x10fd0
    rbp = 0x00007fff9627b630   rsp = 0x00007fff9627aa08
    rip = 0x00007fe7c2f3efd0
    Found by: stack scanning
27  libstdc++.so.6.0.28 + 0x9408
    rbp = 0x00007fff9627b630   rsp = 0x00007fff9627aa10
    rip = 0x00007fe7c3607408
    Found by: stack scanning
28  ld-2.17.so + 0xa09f
    rbp = 0x00007fff9627b630   rsp = 0x00007fff9627aa60
    rip = 0x00007fe7c3c5309f
    Found by: stack scanning
29  xrun + 0xdee9b2
    rbp = 0x00007fff9627b630   rsp = 0x00007fff9627aac0
    rip = 0x00000000011ee9b2
    Found by: stack scanning
30  libc-2.17.so + 0x435f9
    rbp = 0x00007fff9627b630   rsp = 0x00007fff9627aad0
    rip = 0x00007fe7c2f715f9
    Found by: stack scanning
31  libc-2.17.so + 0x10e98
    rbp = 0x00007fff9627b630   rsp = 0x00007fff9627aaf8
    rip = 0x00007fe7c2f3ee98
    Found by: stack scanning
32  xrun + 0xdba3ae
    rbp = 0x00007fff9627b630   rsp = 0x00007fff9627ab08
    rip = 0x00000000011ba3ae
    Found by: stack scanning
33  ld-2.17.so + 0xedee
    rbp = 0x00007fff9627b630   rsp = 0x00007fff9627ab10
    rip = 0x00007fe7c3c57dee
    Found by: stack scanning
34  libstdc++.so.6.0.28 + 0x248b8
    rbp = 0x00007fff9627b630   rsp = 0x00007fff9627ab30
    rip = 0x00007fe7c36228b8
    Found by: stack scanning
35  ld-2.17.so + 0x169ea
    rbp = 0x00007fff9627b630   rsp = 0x00007fff9627ab40
    rip = 0x00007fe7c3c5f9ea
    Found by: stack scanning
36  libstdc++.so.6.0.28 + 0x1d4be0
    rbp = 0x00007fff9627b630   rsp = 0x00007fff9627ab60
    rip = 0x00007fe7c37d2be0
    Found by: stack scanning
37  xrun + 0x768
    rbp = 0x00007fff9627b630   rsp = 0x00007fff9627ab68
    rip = 0x0000000001597768
    Found by: stack scanning
38  ld-2.17.so + 0xedee
    rbp = 0x00007fff9627b630   rsp = 0x00007fff9627ab90
    rip = 0x00007fe7c3c57dee
    Found by: stack scanning
39  xrun + 0xdee9b2
    rbp = 0x00007fff9627b630   rsp = 0x00007fff9627aba8
    rip = 0x00000000011ee9b2
    Found by: stack scanning
40  xrun + 0x524a34
    rbp = 0x00007fff9627b630   rsp = 0x00007fff9627abd0
    rip = 0x0000000000924a34
    Found by: stack scanning
41  libc-2.17.so + 0x15686c
    rbp = 0x00007fff9627b630   rsp = 0x00007fff9627abd8
    rip = 0x00007fe7c308486c
    Found by: stack scanning

Loaded modules:
0x00400000 - 0x01595fff  xrun  ???  (main)  (WARNING: No symbols, xrun, 5AF44564ACA50EC01F1161AE87FA4C810)
0x01597000 - 0x01879fff  xrun  ???  (WARNING: No symbols, xrun, 000000000000000000000000000000000)
0x7fe7c2f2e000 - 0x7fe7c30f1fff  libc-2.17.so  ???  (WARNING: No symbols, libc-2.17.so, 1BB68F1A61B4484A3833D5334202AB500)
0x7fe7c30f2000 - 0x7fe7c32f6fff  libc-2.17.so  ???
0x7fe7c32fc000 - 0x7fe7c33fcfff  libm-2.17.so  ???
0x7fe7c33fd000 - 0x7fe7c35fdfff  libm-2.17.so  ???
0x7fe7c35fe000 - 0x7fe7c37d4fff  libstdc++.so.6.0.28  ???  (WARNING: No symbols, libstdc++.so.6.0.28, BEA0E32EA2C1AC5E1D4AE105F89544BE0)
0x7fe7c37d8000 - 0x7fe7c3828fff  libstdc++.so.6.0.28  ???  (WARNING: No symbols, libstdc++.so.6.0.28, 000000000000000000000000000000000)
0x7fe7c3829000 - 0x7fe7c382afff  libdl-2.17.so  ???
0x7fe7c382b000 - 0x7fe7c3a2cfff  libdl-2.17.so  ???
0x7fe7c3a2d000 - 0x7fe7c3a43fff  libpthread-2.17.so  ???
0x7fe7c3a44000 - 0x7fe7c3c44fff  libpthread-2.17.so  ???
0x7fe7c3c49000 - 0x7fe7c3c6afff  ld-2.17.so  ???  (WARNING: No symbols, ld-2.17.so, 9749C46231431B34B08DCCE3859560A20)
0x7fe7c3d1e000 - 0x7fe7c3db6fff  libxmjudy.so.1.0.3  ???
0x7fe7c3db7000 - 0x7fe7c3e1bfff  libcbreakpad.so  ???  (WARNING: No symbols, libcbreakpad.so, 1A0F7F62185D2C02CF86A6E6B7CC82920)
0x7fe7c3e1c000 - 0x7fe7c3e20fff  libcbreakpad.so  ???
0x7fe7c3e2d000 - 0x7fe7c3e46fff  libgcc_s.so.1  ???
0x7fe7c3e6a000 - 0x7fe7c3e6bfff  ld-2.17.so  ???
0x7fff9635a000 - 0x7fff9635bfff  linux-gate.so  ???

******BACKTRACE*****
use_backtrace() (libcbreakpad.so) [0x7fe7c3deb1a3]
cbpad_generate_dump_on_demand (libcbreakpad.so) [0x7fe7c3deb630]
<unknown> (xrun) [0x9a40b8]
<unknown> (xrun) [0x9a578d]
<unknown> (xrun) [0x9a3f24]
<unknown> (xrun) [0x9a578d]
<unknown> (xrun) [0x919266]
<unknown> (xrun) [0x919fb7]
<unknown> (xrun) [0x4cd53d]
<unknown> (xrun) [0x56a468]
<unknown> (xrun) [0x4a9f59]
<unknown> (libc.so.6) [0x7fe7c2f50555]
<unknown> (xrun) [0x4a9f89]
******BACKTRACE END*****