Operating system: Linux
                  0.0.0 Linux 3.10.0-1160.119.1.el7.x86_64 #1 SMP Tue Jun 4 14:43:51 UTC 2024 x86_64
CPU: amd64
     family 6 model 60 stepping 3
     1 CPU

GPU: UNKNOWN

Crash reason:  DUMP_REQUESTED
Crash address: 0x7f49ccd66406
Process uptime: not available

Thread 0 (crashed)
 0  libcbreakpad.so + 0x36406
    rax = 0x00007f49ccbcc09f   rdx = 0x0000000000000000
    rcx = 0x00007f49ccd64cb2   rbx = 0x00007ffe283614c0
    rsi = 0x0000000000000001   rdi = 0x00007ffe28360e48
    rbp = 0x00007ffe28361400   rsp = 0x00007ffe28360db0
     r8 = 0x0000000000000000    r9 = 0x0000000000000000
    r10 = 0x00007f49ccd3bff0   r11 = 0x00007f49ccd3bac8
    r12 = 0x0000000000000000   r13 = 0x00007ffe283626c8
    r14 = 0x00007ffe28361440   r15 = 0x0000000000000000
    rip = 0x00007f49ccd66406
    Found by: given as instruction pointer in context
 1  libcbreakpad.so + 0x34672
    rbp = 0x00007ffe28361550   rsp = 0x00007ffe28361410
    rip = 0x00007f49ccd64672
    Found by: previous frame's frame pointer
 2  xrun + 0x5a40b8
    rbp = 0x00007ffe283626b0   rsp = 0x00007ffe28361560
    rip = 0x00000000009a40b8
    Found by: previous frame's frame pointer
 3  xrun + 0x5804f7
    rbp = 0x00007ffe283626b0   rsp = 0x00007ffe28361590
    rip = 0x00000000009804f7
    Found by: stack scanning
 4  xrun + 0x57f64d
    rbp = 0x00007ffe283626b0   rsp = 0x00007ffe283615c0
    rip = 0x000000000097f64d
    Found by: stack scanning
 5  xrun + 0x583367
    rbp = 0x00007ffe283626b0   rsp = 0x00007ffe28361620
    rip = 0x0000000000983367
    Found by: stack scanning
 6  xrun + 0x74c90d
    rbp = 0x00007ffe283626b0   rsp = 0x00007ffe28361630
    rip = 0x0000000000b4c90d
    Found by: stack scanning
 7  xrun + 0x74d212
    rbp = 0x00007ffe283626b0   rsp = 0x00007ffe28361640
    rip = 0x0000000000b4d212
    Found by: stack scanning
 8  xrun + 0x5804f7
    rbp = 0x00007ffe283626b0   rsp = 0x00007ffe28361680
    rip = 0x00000000009804f7
    Found by: stack scanning
 9  xrun + 0x57f64d
    rbp = 0x00007ffe283626b0   rsp = 0x00007ffe283616b0
    rip = 0x000000000097f64d
    Found by: stack scanning
10  xrun + 0x583367
    rbp = 0x00007ffe283626b0   rsp = 0x00007ffe28361730
    rip = 0x0000000000983367
    Found by: stack scanning
11  xrun + 0x58c7d1
    rbp = 0x00007ffe283626b0   rsp = 0x00007ffe28361770
    rip = 0x000000000098c7d1
    Found by: stack scanning
12  xrun + 0x583367
    rbp = 0x00007ffe283626b0   rsp = 0x00007ffe28361850
    rip = 0x0000000000983367
    Found by: stack scanning
13  xrun + 0x58c7d1
    rbp = 0x00007ffe283626b0   rsp = 0x00007ffe28361890
    rip = 0x000000000098c7d1
    Found by: stack scanning
14  ld-2.17.so + 0x9684
    rbp = 0x00007ffe283626b0   rsp = 0x00007ffe28361970
    rip = 0x00007f49ccbcb684
    Found by: stack scanning
15  libstdc++.so.6.0.28 + 0x8e50
    rbp = 0x00007ffe283626b0   rsp = 0x00007ffe28361980
    rip = 0x00007f49cc57fe50
    Found by: stack scanning
16  ld-2.17.so + 0x9dbb
    rbp = 0x00007ffe283626b0   rsp = 0x00007ffe283619a0
    rip = 0x00007f49ccbcbdbb
    Found by: stack scanning
17  libstdc++.so.6.0.28 + 0x7754
    rbp = 0x00007ffe283626b0   rsp = 0x00007ffe283619b8
    rip = 0x00007f49cc758754
    Found by: stack scanning
18  libstdc++.so.6.0.28 + 0x248b8
    rbp = 0x00007ffe283626b0   rsp = 0x00007ffe283619c0
    rip = 0x00007f49cc59b8b8
    Found by: stack scanning
19  ld-2.17.so + 0x9684
    rbp = 0x00007ffe283626b0   rsp = 0x00007ffe283619f0
    rip = 0x00007f49ccbcb684
    Found by: stack scanning
20  libc-2.17.so + 0x3d88
    rbp = 0x00007ffe283626b0   rsp = 0x00007ffe28361a00
    rip = 0x00007f49cbeaad88
    Found by: stack scanning
21  ld-2.17.so + 0x9dbb
    rbp = 0x00007ffe283626b0   rsp = 0x00007ffe28361a20
    rip = 0x00007f49ccbcbdbb
    Found by: stack scanning
22  libc-2.17.so + 0x3d50
    rbp = 0x00007ffe283626b0   rsp = 0x00007ffe28361a38
    rip = 0x00007f49cbeaad50
    Found by: stack scanning
23  libc-2.17.so + 0x10e98
    rbp = 0x00007ffe283626b0   rsp = 0x00007ffe28361a40
    rip = 0x00007f49cbeb7e98
    Found by: stack scanning
24  ld-2.17.so + 0xa09f
    rbp = 0x00007ffe283626b0   rsp = 0x00007ffe28361a60
    rip = 0x00007f49ccbcc09f
    Found by: stack scanning
25  libstdc++.so.6.0.28 + 0xa603
    rbp = 0x00007ffe283626b0   rsp = 0x00007ffe28361a80
    rip = 0x00007f49cc75b603
    Found by: stack scanning
26  libc-2.17.so + 0x10fd0
    rbp = 0x00007ffe283626b0   rsp = 0x00007ffe28361a88
    rip = 0x00007f49cbeb7fd0
    Found by: stack scanning
27  libstdc++.so.6.0.28 + 0x9408
    rbp = 0x00007ffe283626b0   rsp = 0x00007ffe28361a90
    rip = 0x00007f49cc580408
    Found by: stack scanning
28  ld-2.17.so + 0xa09f
    rbp = 0x00007ffe283626b0   rsp = 0x00007ffe28361ae0
    rip = 0x00007f49ccbcc09f
    Found by: stack scanning
29  xrun + 0xdee9b2
    rbp = 0x00007ffe283626b0   rsp = 0x00007ffe28361b40
    rip = 0x00000000011ee9b2
    Found by: stack scanning
30  libc-2.17.so + 0x435f9
    rbp = 0x00007ffe283626b0   rsp = 0x00007ffe28361b50
    rip = 0x00007f49cbeea5f9
    Found by: stack scanning
31  libc-2.17.so + 0x10e98
    rbp = 0x00007ffe283626b0   rsp = 0x00007ffe28361b78
    rip = 0x00007f49cbeb7e98
    Found by: stack scanning
32  xrun + 0xdba3ae
    rbp = 0x00007ffe283626b0   rsp = 0x00007ffe28361b88
    rip = 0x00000000011ba3ae
    Found by: stack scanning
33  ld-2.17.so + 0xedee
    rbp = 0x00007ffe283626b0   rsp = 0x00007ffe28361b90
    rip = 0x00007f49ccbd0dee
    Found by: stack scanning
34  libstdc++.so.6.0.28 + 0x248b8
    rbp = 0x00007ffe283626b0   rsp = 0x00007ffe28361bb0
    rip = 0x00007f49cc59b8b8
    Found by: stack scanning
35  ld-2.17.so + 0x169ea
    rbp = 0x00007ffe283626b0   rsp = 0x00007ffe28361bc0
    rip = 0x00007f49ccbd89ea
    Found by: stack scanning
36  libstdc++.so.6.0.28 + 0x1d4be0
    rbp = 0x00007ffe283626b0   rsp = 0x00007ffe28361be0
    rip = 0x00007f49cc74bbe0
    Found by: stack scanning
37  xrun + 0x768
    rbp = 0x00007ffe283626b0   rsp = 0x00007ffe28361be8
    rip = 0x0000000001597768
    Found by: stack scanning
38  ld-2.17.so + 0xedee
    rbp = 0x00007ffe283626b0   rsp = 0x00007ffe28361c10
    rip = 0x00007f49ccbd0dee
    Found by: stack scanning
39  xrun + 0xdee9b2
    rbp = 0x00007ffe283626b0   rsp = 0x00007ffe28361c28
    rip = 0x00000000011ee9b2
    Found by: stack scanning
40  xrun + 0x524a34
    rbp = 0x00007ffe283626b0   rsp = 0x00007ffe28361c50
    rip = 0x0000000000924a34
    Found by: stack scanning
41  libc-2.17.so + 0x15686c
    rbp = 0x00007ffe283626b0   rsp = 0x00007ffe28361c58
    rip = 0x00007f49cbffd86c
    Found by: stack scanning

Loaded modules:
0x00400000 - 0x01595fff  xrun  ???  (main)  (WARNING: No symbols, xrun, 5AF44564ACA50EC01F1161AE87FA4C810)
0x01597000 - 0x01879fff  xrun  ???  (WARNING: No symbols, xrun, 000000000000000000000000000000000)
0x7f49cbea7000 - 0x7f49cc06afff  libc-2.17.so  ???  (WARNING: No symbols, libc-2.17.so, 1BB68F1A61B4484A3833D5334202AB500)
0x7f49cc06b000 - 0x7f49cc26ffff  libc-2.17.so  ???
0x7f49cc275000 - 0x7f49cc375fff  libm-2.17.so  ???
0x7f49cc376000 - 0x7f49cc576fff  libm-2.17.so  ???
0x7f49cc577000 - 0x7f49cc74dfff  libstdc++.so.6.0.28  ???  (WARNING: No symbols, libstdc++.so.6.0.28, BEA0E32EA2C1AC5E1D4AE105F89544BE0)
0x7f49cc751000 - 0x7f49cc7a1fff  libstdc++.so.6.0.28  ???  (WARNING: No symbols, libstdc++.so.6.0.28, 000000000000000000000000000000000)
0x7f49cc7a2000 - 0x7f49cc7a3fff  libdl-2.17.so  ???
0x7f49cc7a4000 - 0x7f49cc9a5fff  libdl-2.17.so  ???
0x7f49cc9a6000 - 0x7f49cc9bcfff  libpthread-2.17.so  ???
0x7f49cc9bd000 - 0x7f49ccbbdfff  libpthread-2.17.so  ???
0x7f49ccbc2000 - 0x7f49ccbe3fff  ld-2.17.so  ???  (WARNING: No symbols, ld-2.17.so, 9749C46231431B34B08DCCE3859560A20)
0x7f49ccc97000 - 0x7f49ccd2ffff  libxmjudy.so.1.0.3  ???
0x7f49ccd30000 - 0x7f49ccd94fff  libcbreakpad.so  ???  (WARNING: No symbols, libcbreakpad.so, 1A0F7F62185D2C02CF86A6E6B7CC82920)
0x7f49ccd95000 - 0x7f49ccd99fff  libcbreakpad.so  ???
0x7f49ccda6000 - 0x7f49ccdbffff  libgcc_s.so.1  ???
0x7f49ccde3000 - 0x7f49ccde4fff  ld-2.17.so  ???
0x7ffe283f2000 - 0x7ffe283f3fff  linux-gate.so  ???

******BACKTRACE*****
use_backtrace() (libcbreakpad.so) [0x7f49ccd641a3]
cbpad_generate_dump_on_demand (libcbreakpad.so) [0x7f49ccd64630]
<unknown> (xrun) [0x9a40b8]
<unknown> (xrun) [0x9a578d]
<unknown> (xrun) [0x9a3f24]
<unknown> (xrun) [0x9a578d]
<unknown> (xrun) [0x919266]
<unknown> (xrun) [0x919fb7]
<unknown> (xrun) [0x4cd53d]
<unknown> (xrun) [0x56a468]
<unknown> (xrun) [0x4a9f59]
<unknown> (libc.so.6) [0x7f49cbec9555]
<unknown> (xrun) [0x4a9f89]
******BACKTRACE END*****