TOOL:	xrun(64)	24.09-s005: Started on Oct 10, 2025 at 14:26:36 CEST
xrun
	-elaborate
	-l xrun_elaborate.log
	-F ../tb/tb.f
		../../common/simple_uart_switch.svp
		simple_uart_switch_tb.svp
	-v93
	+nowarnDSEM2009
	+nowarnDSEMEL
	+nowarnCGDEFN
	+nowarnCOVUTA
	+nowarnBADPRF
	+nowarnXCLGNOPTM
	+nowarnRNDXCELON
	+nowarnSAWSTP
	-xmlibdirname INCA_libs
	+overwrite
	-nocopyright
	-coverage all
	-covoverwrite
	-covfile xrun_covfile.txt
		Caching library 'worklib' ....... Done
	Elaborating the design hierarchy:
		Caching library 'worklib' ....... Done
simple_uart_switch DUT (.clk, .reset_n, .mode, .serial_in, .serial_out0, .serial_out1);
                     |
xmelab: *E,CUVMUR (../tb/simple_uart_switch_tb.svp,36|21): instance 'test.DUT' of design unit 'simple_uart_switch' is unresolved in 'worklib.test:svp'.
xrun: *E,ELBERR: Error (*E) or soft error (*SE) occurred during elaboration (status 1), exiting.
TOOL:	xrun(64)	24.09-s005: Exiting on Oct 10, 2025 at 14:26:36 CEST  (total: 00:00:00)
