*** Start analyzing build configuration ***
INFO: Auto-config - Scanning: /home/student/akurnik/VDIC/lab01
INFO: Auto-config - VLOG: /home/student/akurnik/VDIC/lab01
INFO: Auto-config - Wrote:
    .dvt/default.build.auto.1
*** List of included argument files ***
    Build configuration file:  /home/student/akurnik/VDIC/lab01/.dvt/default.build
    -f /home/student/akurnik/VDIC/lab01/.dvt/default.build.auto.1
*** List of invocations ***
Invocation #1 +dvt_init+dvt in /home/student/akurnik/VDIC/lab01/.dvt/default.build.auto.1 at line 9
*** Done analyzing build configuration [384 ms] ***
*** Start SystemVerilog build ***
*** Invocation #1***
Loading (1) /home/student/akurnik/VDIC/lab01/tb/simple_uart_switch_tb.svp ...
Done /home/student/akurnik/VDIC/lab01/tb/simple_uart_switch_tb.svp [339 ms, 888 lines, SystemVerilog_2012] ...
*** Done invocation #1 [188 ms] ***
*** Total number of lines [888] ***
Performing post full build actions ...
Performing post full build step 1 (SRI) [1 ms] ...
Performing post full build step 2 (RI) [1 ms] ...
Performing post full build step 3 (RCP) [0 ms] ...
*** Done SystemVerilog build [359 ms] ***
*** Start mixed mode extension build ***
Performing mixed post full build step (VLOG - RI) [0 ms] ...
*** Warning: UNSPECIFIED_TOP: Please specify a -top module/entity/configuration in the project build file
*** Top design candidates: work.test
Performing mixed post full build step (MIXED - ELAB) [407 ms] ...
Performing mixed post full build step (MIXED - UNEL) [52 ms] ...
*** Warning: UNDECLARED_MODULE: Module 'simple_switch_uart' is not declared
    at line 86 in /home/student/akurnik/VDIC/lab01/tb/simple_uart_switch_tb.svp [compile index 1]
Performing mixed post full build step (VLOG - RD) [5 ms] ...
Performing mixed post full build step (VLOG - FSC) [51 ms] ...
Performing mixed post full build step (VLOG - EV) [51 ms] ...
Performing mixed post full build step (VLOG - ELPC) [2 ms] ...
Performing mixed post full build step (VLOG - US) [50 ms] ...
*** Done mixed mode extension build [626 ms] ***
*** Total build time [1s.408ms] ***
