TOOL:	xrun(64)	24.09-s005: Started on Oct 20, 2025 at 23:45:15 CEST
xrun
	-compile
	-l xrun_compile.log
	-F ../tb/tb.f
		../../common/simple_uart_switch.svp
		simple_uart_switch_tb.svp
	-v93
	+nowarnDSEM2009
	+nowarnDSEMEL
	+nowarnCGDEFN
	+nowarnCOVUTA
	+nowarnBADPRF
	+nowarnXCLGNOPTM
	+nowarnRNDXCELON
	+nowarnSAWSTP
	-xmlibdirname INCA_libs
	+overwrite
	-nocopyright
	-coverage all
	-covoverwrite
	-covfile xrun_covfile.txt
file: ../tb/../../common/simple_uart_switch.svp
	module worklib.simple_switch_uart:svp
		errors: 0, warnings: 0
file: ../tb/simple_uart_switch_tb.svp
	module worklib.test2:svp
		errors: 0, warnings: 0
TOOL:	xrun(64)	24.09-s005: Exiting on Oct 20, 2025 at 23:45:15 CEST  (total: 00:00:00)
