TOOL:	xrun(64)	24.09-s005: Started on Oct 24, 2025 at 14:20:40 CEST
xrun
	-F ../tb/tb.f
		../../common/simple_uart_switch.svp
		simple_uart_switch_tb.svp
	-v93
	+nowarnDSEM2009
	+nowarnDSEMEL
	+nowarnCGDEFN
	+nowarnCOVUTA
	+nowarnBADPRF
	+nowarnXCLGNOPTM
	+nowarnRNDXCELON
	+nowarnSAWSTP
	-xmlibdirname INCA_libs_gui
	+access+r
	+gui
	+overwrite
	-nocopyright
	-coverage all
	-covoverwrite
	-covfile xrun_covfile.txt
	+UVM_TESTNAME=lab02_example
	-l xrun_gui.log
Compiling UVM packages (uvm_pkg.sv cdns_uvm_pkg.sv) using uvmhome location /eda/cadence/2024-25/RHELx86/XCELIUM_24.09.005/tools/methodology/UVM/CDNS-1.1d
		Caching library 'worklib' ....... Done
	Elaborating the design hierarchy:
	Top level design units:
		test2

	Extracting FSMs for coverage:
		worklib.test2
	Total FSMs extracted = 0
	Building instance overlay tables: ..........
xmelab: *W,COVEOS: Currently, by default, coverage is scored for expressions containing struct datatypes. For backward compatibility, use " set_backward_compat -no_struct " coverage configuration file command..
.......... Done
	Enabling instrumentation for coverage types: block expression FSM toggle functional
	Building instance specific data structures.
	Performing constant object marking (COM) analysis.
	Loading native compiled code:     .................... Done
	Design hierarchy summary:
		                 Instances  Unique
		Modules:                 2       2
		Registers:             155     155
		Scalar wires:           10       -
		Always blocks:           3       3
		Initial blocks:         15      15
		Parallel blocks:         1       1
		Cont. assignments:       1       2
		Pseudo assignments:      3       -
		Covergroup Instances:    0       2
	Writing initial simulation snapshot: worklib.test2:svp
xmsim: *W,NOMTDGUI: Multi-Threaded Dumping is disabled for interactive debug mode.

-------------------------------------
Relinquished control to SimVision...
xcelium> 
xcelium> source /eda/cadence/2024-25/RHELx86/XCELIUM_24.09.005/tools/xcelium/files/xmsimrc
xcelium> source /eda/cadence/2024-25/RHELx86/XCELIUM_24.09.005/tools/methodology/UVM/CDNS-1.1d/additions/sv/files/tcl/uvm_sim.tcl
xcelium> database -open waves -into waves.shm -default
Created default SHM database waves
xcelium> probe -create -shm test2.sout0 test2.sout0_frames test2.sout1 test2.sout1_frames
Created probe 1
xcelium> run
xmsim: *E,TRNULLID: NULL pointer dereference.
          File: ../tb/simple_uart_switch_tb.svp, line = 152, pos = 28
         Scope: test2.input_frames_cov.sample
          Time: 11 NS + 0
Verilog Stack Trace:
0: function test2.input_frames_cov.sample at ../tb/simple_uart_switch_tb.svp:152
1: initial block in test2 at ../tb/simple_uart_switch_tb.svp:178


xcelium> ^C
xcelium> exit
See ./cov_work/scope/test/icc.com file for message(s) on coverage constant object marking

coverage setup:
  workdir  :  ./cov_work
  dutinst  :  test2(test2)
  scope    :  scope
  testname :  test

coverage files:
  model(design data) :  ./cov_work/scope/icc_0d608b64_43fd1beb.ucm
  data               :  ./cov_work/scope/test/icc_0d608b64_43fd1beb.ucd
TOOL:	xrun(64)	24.09-s005: Exiting on Oct 24, 2025 at 14:21:36 CEST  (total: 00:00:56)
