TOOL:	xrun(64)	24.09-s005: Started on Oct 23, 2025 at 22:19:27 CEST
xrun
	-elaborate
	-l xrun_elaborate.log
	-F ../tb/tb.f
		../../common/simple_uart_switch.svp
		simple_uart_switch_tb.svp
	-v93
	+nowarnDSEM2009
	+nowarnDSEMEL
	+nowarnCGDEFN
	+nowarnCOVUTA
	+nowarnBADPRF
	+nowarnXCLGNOPTM
	+nowarnRNDXCELON
	+nowarnSAWSTP
	-xmlibdirname INCA_libs
	+overwrite
	-nocopyright
	-coverage all
	-covoverwrite
	-covfile xrun_covfile.txt
		Caching library 'worklib' ....... Done
	Elaborating the design hierarchy:
	Top level design units:
		test2

	Extracting FSMs for coverage:
		worklib.test2
	Total FSMs extracted = 0
	Building instance overlay tables: ..........
xmelab: *W,COVEOS: Currently, by default, coverage is scored for expressions containing struct datatypes. For backward compatibility, use " set_backward_compat -no_struct " coverage configuration file command..
.......... Done
	Enabling instrumentation for coverage types: block expression FSM toggle functional
	Generating native compiled code:
		worklib.simple_switch_uart:svp <0x106cd466>
			streams:  13, words: 15555
		worklib.test2:svp <0x1b185d96>
			streams:  41, words: 146520
	Building instance specific data structures.
	Performing constant object marking (COM) analysis.
	Loading native compiled code:     .................... Done
	Design hierarchy summary:
		                 Instances  Unique
		Modules:                 2       2
		Registers:             153     154
		Scalar wires:           10       -
		Always blocks:           3       3
		Initial blocks:         15      15
		Parallel blocks:         1       1
		Cont. assignments:       1       2
		Pseudo assignments:      3       -
		Covergroup Instances:    0       1
	Writing initial simulation snapshot: worklib.test2:svp
TOOL:	xrun(64)	24.09-s005: Exiting on Oct 23, 2025 at 22:19:27 CEST  (total: 00:00:00)
