TOOL:	xrun(64)	24.09-s005: Started on Nov 29, 2025 at 19:32:43 CET
xrun
	-elaborate
	-l xrun_elaborate.log
	-F ../tb/tb.f
		-F ../tb/../../common/tinyalu/tinyalu.f
			tinyalu_pkg.sv
			single_cycle.sv
			three_cycle.sv
			tinyalu.sv
		tinyalu_tb_pkg.sv
		tinyalu_bfm.sv
		top.sv
		-timescale 1ns/1ps
		+incdir+tb_classes
		+incdir+.
		+nowarn+DSEMEL
		+nowarnBADPRF
		-uvm
		-uvmhome /eda/cadence/2021-22/RHELx86/XCELIUM_21.03.009/tools/methodology/UVM/CDNS-1.2/sv
		+UVM_NO_RELNOTES
		+UVM_VERBOSITY=MEDIUM
		-linedebug
		-fsmdebug
		-uvmlinedebug
	-v93
	+nowarnDSEM2009
	+nowarnDSEMEL
	+nowarnCGDEFN
	+nowarnCOVUTA
	+nowarnBADPRF
	+nowarnXCLGNOPTM
	+nowarnRNDXCELON
	+nowarnSAWSTP
	-xmlibdirname INCA_libs
	+overwrite
	-nocopyright
	-coverage all
	-covoverwrite
	-covfile xrun_covfile.txt

   User defined plus("+") options:
	+UVM_NO_RELNOTES
	+UVM_VERBOSITY=MEDIUM

		Caching library 'worklib' ....... Done
	Elaborating the design hierarchy:
xmelab: *W,COVSOR: xrun_covfile.txt:5: The command 'set_expr_scoring -struct' is redundant. The behavior corresponding to this option is the default mode.
	Top level design units:
		uvm_pkg
		cdns_uvmapi
		cdns_assert2uvm_pkg
		cdns_uvm_pkg
		tinyalu_pkg
		tinyalu_tb_pkg
		top

	Extracting FSMs for coverage:
		worklib.single_cycle
		worklib.three_cycle
		worklib.tinyalu
		worklib.top
	Total FSMs extracted = 0
	Building instance overlay tables: .................... Done
	Enabling instrumentation for coverage types: block expression FSM toggle functional
	Generating native compiled code:
		worklib.three_cycle:sv <0x76e4642f>
			streams:  13, words:  7668
		worklib.single_cycle:sv <0x4c427b7f>
			streams:  10, words:  7498
		worklib.tinyalu:sv <0x2025b208>
			streams:   8, words:  7369
		worklib.tinyalu_bfm:sv <0x1a772ecf>
			streams: 644, words: 1056108
		worklib.tinyalu_pkg:sv <0x1598db06>
			streams:   1, words:  1277
		worklib.cdns_uvm_pkg:sv <0x61ddc2fc>
			streams: 251, words: 571997
		worklib.cdns_uvmapi:svp <0x27133a04>
			streams:  27, words: 46845
		worklib.cdns_assert2uvm_pkg:sv <0x623694eb>
			streams:   3, words:  3354
		worklib.uvm_pkg:sv <0x56aa4215>
			streams: 6288, words: 15612344
	Building instance specific data structures.
	Performing constant object marking (COM) analysis.
	Loading native compiled code:     .................... Done
	Design hierarchy summary:
		                        Instances  Unique
		Modules:                        4       4
		Interfaces:                     1       1
		Verilog packages:               6       6
		Registers:                 16,457  11,736
		Scalar wires:                  11       -
		Vectored wires:                10       -
		Named events:                   4      12
		Always blocks:                  5       5
		Initial blocks:               333     169
		Parallel blocks:               27      28
		Cont. assignments:              8       8
		Pseudo assignments:             7       -
		Assertions:                     7       7
		Covergroup Instances:           0       2
		SV Class declarations:        239     351
		SV Class specializations:     444     444
		Simulation timescale:         1ps
	Writing initial simulation snapshot: worklib.top:sv
TOOL:	xrun(64)	24.09-s005: Exiting on Nov 29, 2025 at 19:32:48 CET  (total: 00:00:05)
