TOOL:	xrun(64)	24.09-s005: Started on Nov 29, 2025 at 21:28:49 CET
xrun
	-elaborate
	-l xrun_elaborate.log
	-F ../tb/tb.f
		simple_uart_switch_tb_pkg.sv
		simple_uart_switch_bfm.sv
		../../common/simple_uart_switch.svp
		top.sv
		+incdir+tb_classes
		+incdir+.
		+nowarn+DSEMEL
		+nowarnBADPRF
		-uvm
		-uvmhome /eda/cadence/2024-25/RHELx86/XCELIUM_24.09.005/tools/methodology/UVM/CDNS-1.2/sv
		+UVM_NO_RELNOTES
		+UVM_VERBOSITY=MEDIUM
		-linedebug
		-fsmdebug
		-uvmlinedebug
	-v93
	+nowarnDSEM2009
	+nowarnDSEMEL
	+nowarnCGDEFN
	+nowarnCOVUTA
	+nowarnBADPRF
	+nowarnXCLGNOPTM
	+nowarnRNDXCELON
	+nowarnCOVEOS
	+nowarnSAWSTP
	-xmlibdirname INCA_libs
	+overwrite
	-nocopyright
	-coverage all
	-covoverwrite
	-covfile xrun_covfile.txt

   User defined plus("+") options:
	+UVM_NO_RELNOTES
	+UVM_VERBOSITY=MEDIUM

		Caching library 'worklib' ....... Done
	Elaborating the design hierarchy:
	Top level design units:
		uvm_pkg
		cdns_uvmapi
		cdns_assert2uvm_pkg
		cdns_uvm_pkg
		simple_uart_switch_tb_pkg
		top

	Extracting FSMs for coverage:
		worklib.top
	Total FSMs extracted = 0
    $cast(arg, tr); // Need run-time casting because at compile time T1 can be scalar.
            |
xmelab: *W,NAGCST (/eda/cadence/2024-25/RHELx86/XCELIUM_24.09.005/tools/methodology/UVM/CDNS-1.2/sv/src/tlm1/uvm_tlm_ifs.svh,229|12): An aggregate datatype is not allowed here by SystemVerilog language rules (this $cast will raise a simulation-time error).
    $cast(tr,arg); 
               |
xmelab: *W,NAGCST (/eda/cadence/2024-25/RHELx86/XCELIUM_24.09.005/tools/methodology/UVM/CDNS-1.2/sv/src/tlm1/uvm_tlm_ifs.svh,240|15): An aggregate datatype is not allowed here by SystemVerilog language rules (this $cast will raise a simulation-time error).
    $cast(arg, tr); // Need run-time casting because at compile time T1 can be scalar.
            |
xmelab: *W,NAGCST (/eda/cadence/2024-25/RHELx86/XCELIUM_24.09.005/tools/methodology/UVM/CDNS-1.2/sv/src/tlm1/uvm_tlm_ifs.svh,250|12): An aggregate datatype is not allowed here by SystemVerilog language rules (this $cast will raise a simulation-time error).
    $cast(tr, arg);
                |
xmelab: *W,NAGCST (/eda/cadence/2024-25/RHELx86/XCELIUM_24.09.005/tools/methodology/UVM/CDNS-1.2/sv/src/tlm1/uvm_tlm_ifs.svh,263|16): An aggregate datatype is not allowed here by SystemVerilog language rules (this $cast will raise a simulation-time error).
    $cast(tr,arg);
               |
xmelab: *W,NAGCST (/eda/cadence/2024-25/RHELx86/XCELIUM_24.09.005/tools/methodology/UVM/CDNS-1.2/sv/src/tlm1/uvm_tlm_ifs.svh,273|15): An aggregate datatype is not allowed here by SystemVerilog language rules (this $cast will raise a simulation-time error).
    $cast(tr, arg);
                |
xmelab: *W,NAGCST (/eda/cadence/2024-25/RHELx86/XCELIUM_24.09.005/tools/methodology/UVM/CDNS-1.2/sv/src/tlm1/uvm_tlm_ifs.svh,285|16): An aggregate datatype is not allowed here by SystemVerilog language rules (this $cast will raise a simulation-time error).
    $cast(arg,req);
            |
xmelab: *W,NAGCST (/eda/cadence/2024-25/RHELx86/XCELIUM_24.09.005/tools/methodology/UVM/CDNS-1.2/sv/src/tlm1/uvm_tlm_ifs.svh,295|12): An aggregate datatype is not allowed here by SystemVerilog language rules (this $cast will raise a simulation-time error).
    $cast(rsp,res);
                |
xmelab: *W,NAGCST (/eda/cadence/2024-25/RHELx86/XCELIUM_24.09.005/tools/methodology/UVM/CDNS-1.2/sv/src/tlm1/uvm_tlm_ifs.svh,297|16): An aggregate datatype is not allowed here by SystemVerilog language rules (this $cast will raise a simulation-time error).
    $cast(arg,req);
            |
xmelab: *W,NAGCST (/eda/cadence/2024-25/RHELx86/XCELIUM_24.09.005/tools/methodology/UVM/CDNS-1.2/sv/src/tlm1/uvm_tlm_ifs.svh,308|12): An aggregate datatype is not allowed here by SystemVerilog language rules (this $cast will raise a simulation-time error).
    $cast(rsp,res);
                |
xmelab: *W,NAGCST (/eda/cadence/2024-25/RHELx86/XCELIUM_24.09.005/tools/methodology/UVM/CDNS-1.2/sv/src/tlm1/uvm_tlm_ifs.svh,310|16): An aggregate datatype is not allowed here by SystemVerilog language rules (this $cast will raise a simulation-time error).
    $cast(arg, tr); // Need run-time casting because at compile time T1 can be scalar.
            |
xmelab: *W,NAGCST (/eda/cadence/2024-25/RHELx86/XCELIUM_24.09.005/tools/methodology/UVM/CDNS-1.2/sv/src/tlm1/uvm_tlm_ifs.svh,319|12): An aggregate datatype is not allowed here by SystemVerilog language rules (this $cast will raise a simulation-time error).
      $cast(tmp, t);
                 |
xmelab: *W,NAGCST (/eda/cadence/2024-25/RHELx86/XCELIUM_24.09.005/tools/methodology/UVM/CDNS-1.2/sv/src/tlm1/uvm_analysis_port.svh,102|17): An aggregate datatype is not allowed here by SystemVerilog language rules (this $cast will raise a simulation-time error).
    $cast(arg, tr); // Need run-time casting because at compile time T1 can be scalar.
            |
xmelab: *W,NAGCST (/eda/cadence/2024-25/RHELx86/XCELIUM_24.09.005/tools/methodology/UVM/CDNS-1.2/sv/src/tlm1/uvm_tlm_ifs.svh,229|12): An aggregate datatype is not allowed here by SystemVerilog language rules (this $cast will raise a simulation-time error).
    $cast(tr,arg); 
               |
xmelab: *W,NAGCST (/eda/cadence/2024-25/RHELx86/XCELIUM_24.09.005/tools/methodology/UVM/CDNS-1.2/sv/src/tlm1/uvm_tlm_ifs.svh,240|15): An aggregate datatype is not allowed here by SystemVerilog language rules (this $cast will raise a simulation-time error).
    $cast(arg, tr); // Need run-time casting because at compile time T1 can be scalar.
            |
xmelab: *W,NAGCST (/eda/cadence/2024-25/RHELx86/XCELIUM_24.09.005/tools/methodology/UVM/CDNS-1.2/sv/src/tlm1/uvm_tlm_ifs.svh,250|12): An aggregate datatype is not allowed here by SystemVerilog language rules (this $cast will raise a simulation-time error).
    $cast(tr, arg);
                |
xmelab: *W,NAGCST (/eda/cadence/2024-25/RHELx86/XCELIUM_24.09.005/tools/methodology/UVM/CDNS-1.2/sv/src/tlm1/uvm_tlm_ifs.svh,263|16): An aggregate datatype is not allowed here by SystemVerilog language rules (this $cast will raise a simulation-time error).
    $cast(tr,arg);
               |
xmelab: *W,NAGCST (/eda/cadence/2024-25/RHELx86/XCELIUM_24.09.005/tools/methodology/UVM/CDNS-1.2/sv/src/tlm1/uvm_tlm_ifs.svh,273|15): An aggregate datatype is not allowed here by SystemVerilog language rules (this $cast will raise a simulation-time error).
    $cast(tr, arg);
                |
xmelab: *W,NAGCST (/eda/cadence/2024-25/RHELx86/XCELIUM_24.09.005/tools/methodology/UVM/CDNS-1.2/sv/src/tlm1/uvm_tlm_ifs.svh,285|16): An aggregate datatype is not allowed here by SystemVerilog language rules (this $cast will raise a simulation-time error).
    $cast(arg,req);
            |
xmelab: *W,NAGCST (/eda/cadence/2024-25/RHELx86/XCELIUM_24.09.005/tools/methodology/UVM/CDNS-1.2/sv/src/tlm1/uvm_tlm_ifs.svh,295|12): An aggregate datatype is not allowed here by SystemVerilog language rules (this $cast will raise a simulation-time error).
    $cast(rsp,res);
                |
xmelab: *W,NAGCST (/eda/cadence/2024-25/RHELx86/XCELIUM_24.09.005/tools/methodology/UVM/CDNS-1.2/sv/src/tlm1/uvm_tlm_ifs.svh,297|16): An aggregate datatype is not allowed here by SystemVerilog language rules (this $cast will raise a simulation-time error).
    $cast(arg,req);
            |
xmelab: *W,NAGCST (/eda/cadence/2024-25/RHELx86/XCELIUM_24.09.005/tools/methodology/UVM/CDNS-1.2/sv/src/tlm1/uvm_tlm_ifs.svh,308|12): An aggregate datatype is not allowed here by SystemVerilog language rules (this $cast will raise a simulation-time error).
    $cast(rsp,res);
                |
xmelab: *W,NAGCST (/eda/cadence/2024-25/RHELx86/XCELIUM_24.09.005/tools/methodology/UVM/CDNS-1.2/sv/src/tlm1/uvm_tlm_ifs.svh,310|16): An aggregate datatype is not allowed here by SystemVerilog language rules (this $cast will raise a simulation-time error).
    $cast(arg, tr); // Need run-time casting because at compile time T1 can be scalar.
            |
xmelab: *W,NAGCST (/eda/cadence/2024-25/RHELx86/XCELIUM_24.09.005/tools/methodology/UVM/CDNS-1.2/sv/src/tlm1/uvm_tlm_ifs.svh,319|12): An aggregate datatype is not allowed here by SystemVerilog language rules (this $cast will raise a simulation-time error).
      $cast(tmp, t);
                 |
xmelab: *W,NAGCST (/eda/cadence/2024-25/RHELx86/XCELIUM_24.09.005/tools/methodology/UVM/CDNS-1.2/sv/src/tlm1/uvm_analysis_port.svh,102|17): An aggregate datatype is not allowed here by SystemVerilog language rules (this $cast will raise a simulation-time error).
  `UVM_PUT_IMP (m_imp, T, t)
                           |
xmelab: *W,NAGCST (/eda/cadence/2024-25/RHELx86/XCELIUM_24.09.005/tools/methodology/UVM/CDNS-1.2/sv/src/tlm1/uvm_imps.svh,97|27): An aggregate datatype is not allowed here by SystemVerilog language rules (this $cast will raise a simulation-time error).
  `UVM_PUT_IMP (m_imp, T, t)
                           |
xmelab: *W,NAGCST (/eda/cadence/2024-25/RHELx86/XCELIUM_24.09.005/tools/methodology/UVM/CDNS-1.2/sv/src/tlm1/uvm_imps.svh,97|27): An aggregate datatype is not allowed here by SystemVerilog language rules (this $cast will raise a simulation-time error).
  `UVM_GET_PEEK_IMP (m_imp, T, t)
                                |
xmelab: *W,NAGCST (/eda/cadence/2024-25/RHELx86/XCELIUM_24.09.005/tools/methodology/UVM/CDNS-1.2/sv/src/tlm1/uvm_imps.svh,151|32): An aggregate datatype is not allowed here by SystemVerilog language rules (this $cast will raise a simulation-time error).
  `UVM_GET_PEEK_IMP (m_imp, T, t)
                                |
xmelab: *W,NAGCST (/eda/cadence/2024-25/RHELx86/XCELIUM_24.09.005/tools/methodology/UVM/CDNS-1.2/sv/src/tlm1/uvm_imps.svh,151|32): An aggregate datatype is not allowed here by SystemVerilog language rules (this $cast will raise a simulation-time error).
  `UVM_GET_PEEK_IMP (m_imp, T, t)
                                |
xmelab: *W,NAGCST (/eda/cadence/2024-25/RHELx86/XCELIUM_24.09.005/tools/methodology/UVM/CDNS-1.2/sv/src/tlm1/uvm_imps.svh,151|32): An aggregate datatype is not allowed here by SystemVerilog language rules (this $cast will raise a simulation-time error).
  `UVM_GET_PEEK_IMP (m_imp, T, t)
                                |
xmelab: *W,NAGCST (/eda/cadence/2024-25/RHELx86/XCELIUM_24.09.005/tools/methodology/UVM/CDNS-1.2/sv/src/tlm1/uvm_imps.svh,151|32): An aggregate datatype is not allowed here by SystemVerilog language rules (this $cast will raise a simulation-time error).
	Building instance overlay tables: .................
  `UVM_GET_IMP (this.m_if, T, t)
                               |
xmelab: *W,NAGCST (/eda/cadence/2024-25/RHELx86/XCELIUM_24.09.005/tools/methodology/UVM/CDNS-1.2/sv/src/tlm1/uvm_ports.svh,114|31): An aggregate datatype is not allowed here by SystemVerilog language rules (this $cast will raise a simulation-time error).
  `UVM_GET_IMP (this.m_if, T, t)
                               |
xmelab: *W,NAGCST (/eda/cadence/2024-25/RHELx86/XCELIUM_24.09.005/tools/methodology/UVM/CDNS-1.2/sv/src/tlm1/uvm_ports.svh,114|31): An aggregate datatype is not allowed here by SystemVerilog language rules (this $cast will raise a simulation-time error).
  `UVM_PUT_IMP (this.m_if, T, t)
                               |
xmelab: *W,NAGCST (/eda/cadence/2024-25/RHELx86/XCELIUM_24.09.005/tools/methodology/UVM/CDNS-1.2/sv/src/tlm1/uvm_ports.svh,96|31): An aggregate datatype is not allowed here by SystemVerilog language rules (this $cast will raise a simulation-time error).
  `UVM_PUT_IMP (this.m_if, T, t)
                               |
xmelab: *W,NAGCST (/eda/cadence/2024-25/RHELx86/XCELIUM_24.09.005/tools/methodology/UVM/CDNS-1.2/sv/src/tlm1/uvm_ports.svh,96|31): An aggregate datatype is not allowed here by SystemVerilog language rules (this $cast will raise a simulation-time error).
... Done
	Enabling instrumentation for coverage types: block expression FSM toggle functional
	Generating native compiled code:
		worklib.simple_switch_uart:svp <0x1a12396f>
			streams:  33, words: 32354
		worklib.simple_uart_switch_bfm:sv <0x0dbe7902>
			streams: 628, words: 1331884
		worklib.cdns_uvm_pkg:sv <0x4fcdcc0b>
			streams: 251, words: 571997
		worklib.cdns_uvmapi:svp <0x5ed42646>
			streams:  27, words: 46845
		worklib.cdns_assert2uvm_pkg:sv <0x5f843d17>
			streams:   3, words:  3354
		worklib.uvm_pkg:sv <0x30123db8>
			streams: 6288, words: 15612344
	Building instance specific data structures.
	Performing constant object marking (COM) analysis.
	Loading native compiled code:     .................... Done
	Design hierarchy summary:
		                        Instances  Unique
		Modules:                        2       2
		Interfaces:                     1       1
		Verilog packages:               5       5
		Registers:                 16,458  11,767
		Scalar wires:                  10       -
		Named events:                   4      12
		Always blocks:                  3       3
		Initial blocks:               334     172
		Parallel blocks:               28      29
		Cont. assignments:              2       2
		Pseudo assignments:             6       -
		Assertions:                     3       3
		Covergroup Instances:           0       2
		SV Class declarations:        238     350
		SV Class specializations:     442     442
	Writing initial simulation snapshot: worklib.top:sv
TOOL:	xrun(64)	24.09-s005: Exiting on Nov 29, 2025 at 21:28:54 CET  (total: 00:00:05)
