TOOL:	xrun(64)	24.09-s005: Started on Nov 23, 2025 at 19:20:19 CET
xrun
	-F ../tb/tb.f
		simple_uart_switch_tb_pkg.sv
		simple_uart_switch_bfm.sv
		../../common/simple_uart_switch.svp
		top.sv
		+incdir+tb_classes
		+incdir+.
		+nowarn+DSEMEL
		+nowarnBADPRF
		-uvm
		-uvmhome /eda/cadence/2024-25/RHELx86/XCELIUM_24.09.005/tools/methodology/UVM/CDNS-1.2/sv
		+UVM_NO_RELNOTES
		+UVM_VERBOSITY=MEDIUM
		-linedebug
		-fsmdebug
		-uvmlinedebug
	-v93
	+nowarnDSEM2009
	+nowarnDSEMEL
	+nowarnCGDEFN
	+nowarnCOVUTA
	+nowarnBADPRF
	+nowarnXCLGNOPTM
	+nowarnRNDXCELON
	+nowarnCOVEOS
	+nowarnSAWSTP
	-xmlibdirname INCA_libs_gui
	+access+r
	+gui
	+overwrite
	-nocopyright
	-coverage all
	-covoverwrite
	-covfile xrun_covfile.txt
	+UVM_TESTNAME=random_test
	-l xrun_gui.log

   User defined plus("+") options:
	+UVM_NO_RELNOTES
	+UVM_VERBOSITY=MEDIUM

xmsim: *W,NOMTDGUI: Multi-Threaded Dumping is disabled for interactive debug mode.
SVSEED default: 1

-------------------------------------
Relinquished control to SimVision...
xcelium> 
xcelium> source /eda/cadence/2024-25/RHELx86/XCELIUM_24.09.005/tools/xcelium/files/xmsimrc
xcelium> source /eda/cadence/2024-25/RHELx86/XCELIUM_24.09.005/tools/methodology/UVM/CDNS-1.2/sv/files/tcl/uvm_sim.tcl
xcelium> run
UVM_INFO @ 0: reporter [RNTST] Running test random_test...
[1;30m[103m*** Created tpgen type: random_tpgen[0m
UVM_INFO /eda/cadence/2024-25/RHELx86/XCELIUM_24.09.005/tools/methodology/UVM/CDNS-1.2/sv/src/base/uvm_root.svh(605) @ 0: reporter [UVMTOP] UVM testbench topology:
----------------------------------------------------------------
Name                     Type                        Size  Value
----------------------------------------------------------------
uvm_test_top             random_test                 -     @1957
  env_h                  env                         -     @2027
    command_f            uvm_tlm_fifo #(T)           -     @2057
      get_ap             uvm_analysis_port           -     @2292
      get_peek_export    uvm_get_peek_imp            -     @2192
      put_ap             uvm_analysis_port           -     @2242
      put_export         uvm_put_imp                 -     @2140
    command_monitor_h    command_monitor             -     @2519
      ap                 uvm_analysis_port           -     @2607
    coverage_h           coverage                    -     @2356
      analysis_imp       uvm_analysis_imp            -     @2406
    drive_h              driver                      -     @2325
      command_port       uvm_get_port                -     @2661
    random_tpgen         random_tpgen                -     @2058
      command_port       uvm_put_port                -     @2712
    result_monitor_h     result_monitor              -     @2550
      ap                 uvm_analysis_port           -     @2763
    scoreboard_h         scoreboard                  -     @2439
      analysis_imp       uvm_analysis_imp            -     @2488
      cmd_f              uvm_tlm_analysis_fifo #(T)  -     @2794
        analysis_export  uvm_analysis_imp            -     @3043
        get_ap           uvm_analysis_port           -     @2992
        get_peek_export  uvm_get_peek_imp            -     @2894
        put_ap           uvm_analysis_port           -     @2943
        put_export       uvm_put_imp                 -     @2845
----------------------------------------------------------------

UVM_INFO /eda/cadence/2024-25/RHELx86/XCELIUM_24.09.005/tools/methodology/UVM/CDNS-1.2/sv/src/base/uvm_objection.svh(1271) @ 29075840: reporter [TEST_DONE] 'run' phase is ready to proceed to the 'extract' phase
TEST_PROPER_FRAME: 0 passed, 0 errors.

[1;30m[102m-----------------------------------
----------- Test PASSED -----------
-----------------------------------[0m

TEST_WRONG_START_BIT: 0 passed, 0 errors.

[1;30m[102m-----------------------------------
----------- Test PASSED -----------
-----------------------------------[0m

TEST_WRONG_PARITY_BIT: 0 passed, 0 errors.

[1;30m[102m-----------------------------------
----------- Test PASSED -----------
-----------------------------------[0m

TEST_WRONG_STOP_BIT: 0 passed, 0 errors.

[1;30m[102m-----------------------------------
----------- Test PASSED -----------
-----------------------------------[0m

TEST_WRONG_START_PARITY_STOP_BIT: 0 passed, 0 errors.

[1;30m[102m-----------------------------------
----------- Test PASSED -----------
-----------------------------------[0m

TEST_MIN_MAX_ADDR: 0 passed, 0 errors.

[1;30m[102m-----------------------------------
----------- Test PASSED -----------
-----------------------------------[0m

TEST_RESET: 0 passed, 0 errors.

[1;30m[102m-----------------------------------
----------- Test PASSED -----------
-----------------------------------[0m

UVM_INFO /eda/cadence/2024-25/RHELx86/XCELIUM_24.09.005/tools/methodology/UVM/CDNS-1.2/sv/src/base/uvm_report_catcher.svh(705) @ 29075840: reporter [UVM/REPORT/CATCHER] 
--- UVM Report catcher Summary ---


Number of demoted UVM_FATAL reports  :    0
Number of demoted UVM_ERROR reports  :    0
Number of demoted UVM_WARNING reports:    0
Number of caught UVM_FATAL reports   :    0
Number of caught UVM_ERROR reports   :    0
Number of caught UVM_WARNING reports :    0

UVM_INFO /eda/cadence/2024-25/RHELx86/XCELIUM_24.09.005/tools/methodology/UVM/CDNS-1.2/sv/src/base/uvm_report_server.svh(851) @ 29075840: reporter [UVM/REPORT/SERVER] 
--- UVM Report Summary ---

** Report counts by severity
UVM_INFO :    4
UVM_WARNING :    0
UVM_ERROR :    0
UVM_FATAL :    0
** Report counts by id
[RNTST]     1
[TEST_DONE]     1
[UVM/REPORT/CATCHER]     1
[UVMTOP]     1

Simulation complete via $finish(1) at time 29075840 NS + 59
/eda/cadence/2024-25/RHELx86/XCELIUM_24.09.005/tools/methodology/UVM/CDNS-1.2/sv/src/base/uvm_root.svh:543     $finish;
xcelium> ^C
xcelium> exit
See ./cov_work/scope/test/icc.com file for message(s) on coverage constant object marking

coverage setup:
  workdir  :  ./cov_work
  dutinst  :  top(top)
  scope    :  scope
  testname :  test

coverage files:
  model(design data) :  ./cov_work/scope/icc_2c07e969_483fd0a5.ucm
  data               :  ./cov_work/scope/test/icc_2c07e969_483fd0a5.ucd
TOOL:	xrun(64)	24.09-s005: Exiting on Nov 23, 2025 at 19:23:32 CET  (total: 00:03:13)
