TOOL:	xrun(64)	24.09-s005: Started on Nov 16, 2025 at 18:01:30 CET
xrun
	-elaborate
	-l xrun_elaborate.log
	-F ../tb/tb.f
		simple_uart_switch_tb_pkg.sv
		simple_uart_switch_bfm.sv
		../../common/simple_uart_switch.svp
		top.sv
		+incdir+tb_classes
		+incdir+.
		+nowarn+DSEMEL
		-uvm
		-uvmhome /eda/cadence/2024-25/RHELx86/XCELIUM_24.09.005/tools/methodology/UVM/CDNS-1.2/sv
		+UVM_NO_RELNOTES
		+UVM_VERBOSITY=MEDIUM
		-linedebug
		-fsmdebug
		-uvmlinedebug
	-v93
	+nowarnDSEM2009
	+nowarnDSEMEL
	+nowarnCGDEFN
	+nowarnCOVUTA
	+nowarnBADPRF
	+nowarnXCLGNOPTM
	+nowarnRNDXCELON
	+nowarnSAWSTP
	-xmlibdirname INCA_libs
	+overwrite
	-nocopyright
	-coverage all
	-covoverwrite
	-covfile xrun_covfile.txt

   User defined plus("+") options:
	+UVM_NO_RELNOTES
	+UVM_VERBOSITY=MEDIUM

		Caching library 'worklib' ....... Done
	Elaborating the design hierarchy:
	Top level design units:
		uvm_pkg
		cdns_uvmapi
		cdns_assert2uvm_pkg
		cdns_uvm_pkg
		simple_uart_switch_tb_pkg
		top

	Extracting FSMs for coverage:
		worklib.top
	Total FSMs extracted = 0
	Building instance overlay tables: .................
xmelab: *W,COVEOS: Currently, by default, coverage is scored for expressions containing struct datatypes. For backward compatibility, use " set_backward_compat -no_struct " coverage configuration file command..
... Done
	Enabling instrumentation for coverage types: block expression FSM toggle functional
	Generating native compiled code:
		worklib.simple_switch_uart:svp <0x12ad6374>
			streams:  33, words: 32354
		worklib.simple_uart_switch_bfm:sv <0x06030315>
			streams: 279, words: 515691
		worklib.cdns_uvm_pkg:sv <0x5a1a02dc>
			streams: 251, words: 571997
		worklib.cdns_uvmapi:svp <0x6bc45e65>
			streams:  27, words: 46845
		worklib.cdns_assert2uvm_pkg:sv <0x28ee89b4>
			streams:   3, words:  3354
		worklib.uvm_pkg:sv <0x393bf8aa>
			streams: 6288, words: 15612344
	Building instance specific data structures.
	Performing constant object marking (COM) analysis.
	Loading native compiled code:     .................... Done
	Design hierarchy summary:
		                        Instances  Unique
		Modules:                        2       2
		Interfaces:                     1       1
		Verilog packages:               5       5
		Registers:                 15,840  11,701
		Scalar wires:                  10       -
		Named events:                   4      12
		Always blocks:                  3       3
		Initial blocks:               321     167
		Parallel blocks:               28      29
		Cont. assignments:              2       2
		Pseudo assignments:             6       -
		Assertions:                     3       3
		Covergroup Instances:           0       2
		SV Class declarations:        231     347
		SV Class specializations:     416     416
	Writing initial simulation snapshot: worklib.top:sv
TOOL:	xrun(64)	24.09-s005: Exiting on Nov 16, 2025 at 18:01:34 CET  (total: 00:00:04)
