*** Start analyzing build configuration ***
INFO: Auto-config - Scanning: /home/student/akurnik/VDIC/lab01example
INFO: Auto-config - VLOG: /home/student/akurnik/VDIC/lab01example
INFO: Auto-config - Wrote:
    .dvt/default.build.auto.1
*** List of included argument files ***
    Build configuration file:  /home/student/akurnik/VDIC/lab01example/.dvt/default.build
    -f /home/student/akurnik/VDIC/lab01example/.dvt/default.build.auto.1
*** List of invocations ***
Invocation #1 +dvt_init+dvt in /home/student/akurnik/VDIC/lab01example/.dvt/default.build.auto.1 at line 9
*** Done analyzing build configuration [85 ms] ***

*** Start SystemVerilog build ***
*** Invocation #1***
Loading (1) /home/student/akurnik/VDIC/lab01example/tb/tinyalu_tb.sv ...
Done /home/student/akurnik/VDIC/lab01example/tb/tinyalu_tb.sv [65 ms, 274 lines, SystemVerilog_2012] ...
*** Done invocation #1 [66 ms] ***
*** Done parsing [LT 30 ms, PT 66 ms] ***
*** Total number of lines [274] ***
Performing post full build actions ...
Performing post full build step 1 (SRI) [1 ms] ...
Performing post full build step 2 (RI) [1 ms] ...
Performing post full build step 3 (RCP) [0 ms] ...
*** Files summary [1 total, 1 unique, 0 optimized] ***
*** Done SystemVerilog build [226 ms] ***

*** Start mixed mode extension build ***
Performing mixed post full build step (VLOG - RI) [1 ms] ...
*** Warning: UNSPECIFIED_TOP: Please specify a -top module/entity/configuration in the project build file
*** Top design candidates: work.top
Performing mixed post full build step (MIXED - ELAB) [257 ms] ...
Performing mixed post full build step (MIXED - UNEL) [52 ms] ...
*** Warning: UNDECLARED_MODULE: Module 'tinyalu' is not declared
    at line 72 in /home/student/akurnik/VDIC/lab01example/tb/tinyalu_tb.sv:72 [compile index 1]
*** Warning: WIDTH_MISMATCH_TRUNCATION: Returning '- 1' of '32-bit' type for function of '16-bit' return type
    at line 219 in /home/student/akurnik/VDIC/lab01example/tb/tinyalu_tb.sv:219 [compile index 1]
Performing mixed post full build step (VLOG - RD) [4 ms] ...
Performing mixed post full build step (VLOG - US) [51 ms] ...
*** Done mixed mode extension build [376 ms] ***
*** Total build time [743 ms] ***
