TOOL:	xrun(64)	24.09-s005: Started on Nov 11, 2025 at 21:12:52 CET
xrun
	-compile
	-l xrun_compile.log
	-F ../tb/tb.f
		shape_pkg.svh
		top.sv
		+incdir+.
	-v93
	+nowarnDSEM2009
	+nowarnDSEMEL
	+nowarnCGDEFN
	+nowarnCOVUTA
	+nowarnBADPRF
	+nowarnXCLGNOPTM
	+nowarnRNDXCELON
	+nowarnSAWSTP
	-xmlibdirname INCA_libs
	+overwrite
	-nocopyright
	-coverage all
	-covoverwrite
	-covfile xrun_covfile.txt
file: ../tb/shape_pkg.svh
	package worklib.shape_pkg:svh
		errors: 0, warnings: 0
file: ../tb/top.sv
        $fgets(line, fd);
             |
xmvlog: *W,NOSYST (../tb/top.sv,25|13): System function '$fgets' invoked as a task. Return value will be ignored.
            $sscanf(line.substr(offset,eol), "%f %f", points[x_y_index].x, points[x_y_index].y);
                  |
xmvlog: *W,NOSYST (../tb/top.sv,31|18): System function '$sscanf' invoked as a task. Return value will be ignored.
	module worklib.top:sv
		errors: 0, warnings: 2
TOOL:	xrun(64)	24.09-s005: Exiting on Nov 11, 2025 at 21:12:52 CET  (total: 00:00:00)
