TOOL:	xrun(64)	24.09-s005: Started on Nov 12, 2025 at 13:24:11 CET
xrun
	-elaborate
	-l xrun_elaborate.log
	-F ../tb/tb.f
		shape_pkg.svh
		top.sv
		+incdir+.
	-v93
	+nowarnDSEM2009
	+nowarnDSEMEL
	+nowarnCGDEFN
	+nowarnCOVUTA
	+nowarnBADPRF
	+nowarnXCLGNOPTM
	+nowarnRNDXCELON
	+nowarnSAWSTP
	-xmlibdirname INCA_libs
	+overwrite
	-nocopyright
	-coverage all
	-covoverwrite
	-covfile xrun_covfile.txt
		Caching library 'worklib' ....... Done
	Elaborating the design hierarchy:
xmelab: *W,COVSOR: xrun_covfile.txt:5: The command 'set_expr_scoring -struct' is redundant. The behavior corresponding to this option is the default mode.
	Top level design units:
		shape_pkg
		$unit_0x743ba46a
		top

	Extracting FSMs for coverage:
		worklib.top
	Total FSMs extracted = 0
	Building instance overlay tables: .................... Done
	Enabling instrumentation for coverage types: block expression FSM toggle functional
	Generating native compiled code:
		worklib.top:sv <0x70dc69c2>
			streams:  37, words: 31113
		worklib.shape_pkg:svh <0x0869a27d>
			streams:  43, words: 36771
	Building instance specific data structures.
	Performing constant object marking (COM) analysis.
	Loading native compiled code:     .................... Done
	Design hierarchy summary:
		                     Instances  Unique
		Modules:                     1       1
		Verilog packages:            1       1
		Registers:                 102      92
		Initial blocks:              1       1
		Compilation units:           1       1
		SV Class declarations:       7       7
		SV Class specializations:   10      10
	Writing initial simulation snapshot: worklib.top:sv
TOOL:	xrun(64)	24.09-s005: Exiting on Nov 12, 2025 at 13:24:12 CET  (total: 00:00:01)
