TOOL:	xrun(64)	24.09-s005: Started on Nov 12, 2025 at 12:16:26 CET
xrun
	-elaborate
	-l xrun_elaborate.log
	-F ../tb/tb.f
		../../common/simple_uart_switch.svp
		simple_uart_switch_tb_pkg.svh
		simple_uart_switch_bfm.sv
		coverage.sv
		scoreboard.sv
		top.sv
		+incdir+tb_classes
		+incdir+.
		+nowarn+DSEMEL
		-timescale 1ns/1ps
	-v93
	+nowarnDSEM2009
	+nowarnDSEMEL
	+nowarnCGDEFN
	+nowarnCOVUTA
	+nowarnBADPRF
	+nowarnXCLGNOPTM
	+nowarnRNDXCELON
	+nowarnSAWSTP
	-xmlibdirname INCA_libs
	+overwrite
	-nocopyright
	-coverage all
	-covoverwrite
	-covfile xrun_covfile.txt
		Caching library 'worklib' ....... Done
	Elaborating the design hierarchy:
	Top level design units:
		simple_uart_switch_tb_pkg
		top

	Extracting FSMs for coverage:
		worklib.coverage
		worklib.scoreboard
		worklib.top
	Total FSMs extracted = 0
	Building instance overlay tables: ......
xmelab: *W,COVEOS: Currently, by default, coverage is scored for expressions containing struct datatypes. For backward compatibility, use " set_backward_compat -no_struct " coverage configuration file command..
.............. Done
	Enabling instrumentation for coverage types: block expression FSM toggle functional
	Generating native compiled code:
		worklib.scoreboard:sv <0x7b9fa531>
			streams:  21, words: 34799
		worklib.coverage:sv <0x7074f795>
			streams:   5, words:  8200
		worklib.simple_switch_uart:svp <0x4be9e212>
			streams:  13, words: 15555
		worklib.top:sv <0x09977806>
			streams:   7, words:  2465
		worklib.simple_uart_switch_bfm:sv <0x5d95df4b>
			streams:  29, words: 39592
	Building instance specific data structures.
	Performing constant object marking (COM) analysis.
	Loading native compiled code:     .................... Done
	Design hierarchy summary:
		                     Instances  Unique
		Modules:                     4       4
		Interfaces:                  1       1
		Verilog packages:            1       1
		Registers:                 114     120
		Scalar wires:               10       -
		Always blocks:               4       4
		Initial blocks:             21      21
		Final blocks:                1       1
		Cont. assignments:           1       2
		Pseudo assignments:          6       -
		Covergroup Instances:        0       2
		SV Class declarations:       2       2
		SV Class specializations:    2       2
		Simulation timescale:      1ps
	Writing initial simulation snapshot: worklib.top:sv
TOOL:	xrun(64)	24.09-s005: Exiting on Nov 12, 2025 at 12:16:26 CET  (total: 00:00:00)
